ERROR:util:Error: [Errno 2] No such file or directory: 'config/students-accounts.csv'
DEBUG:clone:Successfully cloned: []
DEBUG:clone:Failed to clone: []
ERROR:util:Error: [Errno 2] No such file or directory: 'config/students-accounts.csv'
DEBUG:clone:Successfully cloned: []
DEBUG:clone:Failed to clone: []
INFO:util:Successfully read config/students-accounts.csv
DEBUG:clone:Cloned project-1-KalebAfsari
DEBUG:clone:Removed .git folder
DEBUG:clone:Returned to /Users/edwardrees/Documents/USFCA/Professor/autograder/assignments/project-1
DEBUG:clone:Cloned project-1-Vnalvarado
DEBUG:clone:Removed .git folder
DEBUG:clone:Returned to /Users/edwardrees/Documents/USFCA/Professor/autograder/assignments/project-1
DEBUG:clone:Cloned project-1-mike90099
DEBUG:clone:Removed .git folder
DEBUG:clone:Returned to /Users/edwardrees/Documents/USFCA/Professor/autograder/assignments/project-1
DEBUG:clone:Cloned project-1-ianburrows04
DEBUG:clone:Removed .git folder
DEBUG:clone:Returned to /Users/edwardrees/Documents/USFCA/Professor/autograder/assignments/project-1
DEBUG:clone:Cloned project-1-evcapp
DEBUG:clone:Removed .git folder
DEBUG:clone:Returned to /Users/edwardrees/Documents/USFCA/Professor/autograder/assignments/project-1
DEBUG:clone:Cloned project-1-brandonchoy
DEBUG:clone:Removed .git folder
DEBUG:clone:Returned to /Users/edwardrees/Documents/USFCA/Professor/autograder/assignments/project-1
DEBUG:clone:Cloned project-1-lea0chu
DEBUG:clone:Removed .git folder
DEBUG:clone:Returned to /Users/edwardrees/Documents/USFCA/Professor/autograder/assignments/project-1
DEBUG:clone:Cloned project-1-SirPopGhost
DEBUG:clone:Removed .git folder
DEBUG:clone:Returned to /Users/edwardrees/Documents/USFCA/Professor/autograder/assignments/project-1
DEBUG:clone:Cloned project-1-cyxilef
DEBUG:clone:Removed .git folder
DEBUG:clone:Returned to /Users/edwardrees/Documents/USFCA/Professor/autograder/assignments/project-1
DEBUG:clone:Cloned project-1-asfukushima
DEBUG:clone:Removed .git folder
DEBUG:clone:Returned to /Users/edwardrees/Documents/USFCA/Professor/autograder/assignments/project-1
DEBUG:clone:Cloned project-1-Miguel-GDC
DEBUG:clone:Removed .git folder
DEBUG:clone:Returned to /Users/edwardrees/Documents/USFCA/Professor/autograder/assignments/project-1
DEBUG:clone:Cloned project-1-CelesteMH
DEBUG:clone:Removed .git folder
DEBUG:clone:Returned to /Users/edwardrees/Documents/USFCA/Professor/autograder/assignments/project-1
DEBUG:clone:Cloned project-1-ldmagana
DEBUG:clone:Removed .git folder
DEBUG:clone:Returned to /Users/edwardrees/Documents/USFCA/Professor/autograder/assignments/project-1
DEBUG:clone:Cloned project-1-jmnieves12
DEBUG:clone:Removed .git folder
DEBUG:clone:Returned to /Users/edwardrees/Documents/USFCA/Professor/autograder/assignments/project-1
DEBUG:clone:Cloned project-1-janae405
DEBUG:clone:Removed .git folder
DEBUG:clone:Returned to /Users/edwardrees/Documents/USFCA/Professor/autograder/assignments/project-1
DEBUG:clone:Cloned project-1-PeterSignor
DEBUG:clone:Removed .git folder
DEBUG:clone:Returned to /Users/edwardrees/Documents/USFCA/Professor/autograder/assignments/project-1
DEBUG:clone:Cloned project-1-sensubbles
DEBUG:clone:Removed .git folder
DEBUG:clone:Returned to /Users/edwardrees/Documents/USFCA/Professor/autograder/assignments/project-1
DEBUG:clone:Cloned project-1-rtahir12
DEBUG:clone:Removed .git folder
DEBUG:clone:Returned to /Users/edwardrees/Documents/USFCA/Professor/autograder/assignments/project-1
DEBUG:clone:Cloned project-1-Tanyinyi
DEBUG:clone:Removed .git folder
DEBUG:clone:Returned to /Users/edwardrees/Documents/USFCA/Professor/autograder/assignments/project-1
DEBUG:clone:Cloned project-1-xchristina04
DEBUG:clone:Removed .git folder
DEBUG:clone:Returned to /Users/edwardrees/Documents/USFCA/Professor/autograder/assignments/project-1
DEBUG:clone:Cloned project-1-roguephoeber
DEBUG:clone:Removed .git folder
DEBUG:clone:Returned to /Users/edwardrees/Documents/USFCA/Professor/autograder/assignments/project-1
DEBUG:clone:Cloned project-1-Jackieynami
DEBUG:clone:Removed .git folder
DEBUG:clone:Returned to /Users/edwardrees/Documents/USFCA/Professor/autograder/assignments/project-1
DEBUG:clone:Successfully cloned: ['KalebAfsari', 'Vnalvarado', 'mike90099', 'ianburrows04', 'evcapp', 'brandonchoy', 'lea0chu', 'SirPopGhost', 'cyxilef', 'asfukushima', 'Miguel-GDC', 'CelesteMH', 'ldmagana', 'jmnieves12', 'janae405', 'PeterSignor', 'sensubbles', 'rtahir12', 'Tanyinyi', 'xchristina04', 'roguephoeber', 'Jackieynami']
DEBUG:clone:Failed to clone: ['nrghanand05', 'lyricalryderdl', 'mjmeador ']
INFO:util:Successfully read config/students-accounts.csv
INFO:clone:Invalid assignment type
INFO:util:Successfully read config/students-accounts.csv
INFO:clone:Invalid assignment type
